// Jest Snapshot v1, https://goo.gl/fbAQLP

exports[`<Single Product/> Errors out when an item is not found 1`] = `
<div>
  <div
    class="ErrorMessage__ErrorStyles-sc-11u5fgj-0 cEfbva"
  >
    <p
      data-testid="graphql-error"
    >
      <strong>
        Shoot!
      </strong>
      Mocked response should contain either result or error: {"query":"query SINGLE_ITEM_QUERY($id: ID!) {\\n  Product(where: {id: $id}) {\\n    name\\n    price\\n    description\\n    id\\n    photo {\\n      altText\\n      image {\\n        publicUrlTransformed\\n        __typename\\n      }\\n      __typename\\n    }\\n    __typename\\n  }\\n}"}
    </p>
  </div>
</div>
`;

exports[`<Single Product/> renders with proper data 1`] = `
<div>
  <div
    class="SingleProduct__ProductStyles-sc-1kapz8w-0 esggPb"
    data-testid="singleProduct"
  >
    <img
      alt="dogs are best"
      src="dog.jpg"
    />
    <div
      class="details"
    >
      <h2>
        dogs are best
      </h2>
      <p>
        dogs
      </p>
    </div>
  </div>
</div>
`;
